[Wed Feb 05 07:00:57.751790 2020] [php7:notice] [pid 30118] [client 192.168.33.1:62056] PHP   1. {main}() /vagrant/Calculator/index.php:0
[Wed Feb 05 07:00:57.752019 2020] [php7:notice] [pid 30118] [client 192.168.33.1:62056] PHP   2. require_once() /vagrant/Calculator/index.php:3
[Wed Feb 05 07:00:57.752354 2020] [php7:notice] [pid 30118] [client 192.168.33.1:62056] PHP Fatal error:  Uncaught Error: Call to undefined function calculate() in /vagrant/Calculator/calculation.php:91\nStack trace:\n#0 /vagrant/Calculator/index.php(3): require_once()\n#1 {main}\n  thrown in /vagrant/Calculator/calculation.php on line 91
[Wed Feb 05 07:01:01.447306 2020] [php7:notice] [pid 30108] [client 192.168.33.1:62057] PHP Notice:  Undefined index: expression in /vagrant/Calculator/calculation.php on line 6
[Wed Feb 05 07:01:01.447520 2020] [php7:notice] [pid 30108] [client 192.168.33.1:62057] PHP Stack trace:
[Wed Feb 05 07:01:01.447710 2020] [php7:notice] [pid 30108] [client 192.168.33.1:62057] PHP   1. {main}() /vagrant/Calculator/index.php:0
[Wed Feb 05 07:01:01.447893 2020] [php7:notice] [pid 30108] [client 192.168.33.1:62057] PHP   2. require_once() /vagrant/Calculator/index.php:3
[Wed Feb 05 07:01:01.954994 2020] [php7:notice] [pid 30111] [client 192.168.33.1:62063] PHP Notice:  Undefined index: expression in /vagrant/Calculator/calculation.php on line 6
[Wed Feb 05 07:01:01.955582 2020] [php7:notice] [pid 30111] [client 192.168.33.1:62063] PHP Stack trace:
[Wed Feb 05 07:01:01.955895 2020] [php7:notice] [pid 30111] [client 192.168.33.1:62063] PHP   1. {main}() /vagrant/Calculator/index.php:0
[Wed Feb 05 07:01:01.956353 2020] [php7:notice] [pid 30111] [client 192.168.33.1:62063] PHP   2. require_once() /vagrant/Calculator/index.php:3
[Wed Feb 05 07:01:51.579549 2020] [php7:notice] [pid 30110] [client 192.168.33.1:62085] PHP Fatal error:  Uncaught RuntimeException: Can't peek at an empty datastructure in /vagrant/Calculator/calculation.php:71\nStack trace:\n#0 /vagrant/Calculator/calculation.php(71): SplDoublyLinkedList->top()\n#1 /vagrant/Calculator/calculation.php(91): shuntingYard(Array)\n#2 /vagrant/Calculator/index.php(3): require_once('/vagrant/Calcul...')\n#3 {main}\n  thrown in /vagrant/Calculator/calculation.php on line 71, referer: http://calculator.develop/
[Wed Feb 05 07:02:08.589999 2020] [php7:notice] [pid 30118] [client 192.168.33.1:62093] PHP Fatal error:  Uncaught RuntimeException: Can't peek at an empty datastructure in /vagrant/Calculator/calculation.php:71\nStack trace:\n#0 /vagrant/Calculator/calculation.php(71): SplDoublyLinkedList->top()\n#1 /vagrant/Calculator/calculation.php(91): shuntingYard(Array)\n#2 /vagrant/Calculator/index.php(3): require_once('/vagrant/Calcul...')\n#3 {main}\n  thrown in /vagrant/Calculator/calculation.php on line 71, referer: http://calculator.develop/
[Wed Feb 05 07:08:43.878517 2020] [php7:notice] [pid 30119] [client 192.168.33.1:62247] PHP Notice:  Undefined index: expression in /vagrant/Calculator/calculation.php on line 6
[Wed Feb 05 07:08:43.878671 2020] [php7:notice] [pid 30119] [client 192.168.33.1:62247] PHP Stack trace:
[Wed Feb 05 07:08:43.878865 2020] [php7:notice] [pid 30119] [client 192.168.33.1:62247] PHP   1. {main}() /vagrant/Calculator/index.php:0
[Wed Feb 05 07:08:43.878951 2020] [php7:notice] [pid 30119] [client 192.168.33.1:62247] PHP   2. require_once() /vagrant/Calculator/index.php:3
[Wed Feb 05 07:18:46.608047 2020] [php7:notice] [pid 30107] [client 192.168.33.1:62374] PHP Fatal error:  Uncaught RuntimeException: Can't peek at an empty datastructure in /vagrant/Calculator/calculation.php:71\nStack trace:\n#0 /vagrant/Calculator/calculation.php(71): SplDoublyLinkedList->top()\n#1 /vagrant/Calculator/calculation.php(91): shuntingYard(Array)\n#2 /vagrant/Calculator/index.php(3): require_once('/vagrant/Calcul...')\n#3 {main}\n  thrown in /vagrant/Calculator/calculation.php on line 71, referer: http://calculator.develop/
[Wed Feb 05 07:18:47.405363 2020] [php7:notice] [pid 30111] [client 192.168.33.1:62371] PHP Fatal error:  Uncaught RuntimeException: Can't peek at an empty datastructure in /vagrant/Calculator/calculation.php:71\nStack trace:\n#0 /vagrant/Calculator/calculation.php(71): SplDoublyLinkedList->top()\n#1 /vagrant/Calculator/calculation.php(91): shuntingYard(Array)\n#2 /vagrant/Calculator/index.php(3): require_once('/vagrant/Calcul...')\n#3 {main}\n  thrown in /vagrant/Calculator/calculation.php on line 71, referer: http://calculator.develop/
[Wed Feb 05 07:18:47.405483 2020] [php7:notice] [pid 30111] [client 192.168.33.1:62371] PHP Stack trace:, referer: http://calculator.develop/
[Wed Feb 05 07:18:47.405633 2020] [php7:notice] [pid 30111] [client 192.168.33.1:62371] PHP   1. {main}() /vagrant/Calculator/index.php:0, referer: http://calculator.develop/
[Wed Feb 05 07:18:47.405845 2020] [php7:notice] [pid 30119] [client 192.168.33.1:62372] PHP Fatal error:  Uncaught RuntimeException: Can't peek at an empty datastructure in /vagrant/Calculator/calculation.php:71\nStack trace:\n#0 /vagrant/Calculator/calculation.php(71): SplDoublyLinkedList->top()\n#1 /vagrant/Calculator/calculation.php(91): shuntingYard(Array)\n#2 /vagrant/Calculator/index.php(3): require_once('/vagrant/Calcul...')\n#3 {main}\n  thrown in /vagrant/Calculator/calculation.php on line 71, referer: http://calculator.develop/
[Wed Feb 05 07:18:47.405919 2020] [php7:notice] [pid 30119] [client 192.168.33.1:62372] PHP Stack trace:, referer: http://calculator.develop/
[Wed Feb 05 07:18:47.406063 2020] [php7:notice] [pid 30119] [client 192.168.33.1:62372] PHP   1. {main}() /vagrant/Calculator/index.php:0, referer: http://calculator.develop/
[Wed Feb 05 07:18:47.405941 2020] [php7:notice] [pid 30111] [client 192.168.33.1:62371] PHP   2. require_once() /vagrant/Calculator/index.php:3, referer: http://calculator.develop/
[Wed Feb 05 07:18:47.406207 2020] [php7:notice] [pid 30119] [client 192.168.33.1:62372] PHP   2. require_once() /vagrant/Calculator/index.php:3, referer: http://calculator.develop/
[Wed Feb 05 07:18:47.406384 2020] [php7:notice] [pid 30119] [client 192.168.33.1:62372] PHP   3. shuntingYard($tokens = *uninitialized*) /vagrant/Calculator/calculation.php:91, referer: http://calculator.develop/
[Wed Feb 05 07:18:47.406607 2020] [php7:notice] [pid 30119] [client 192.168.33.1:62372] PHP   4. SplStack->top() /vagrant/Calculator/calculation.php:71, referer: http://calculator.develop/
[Wed Feb 05 07:18:47.406355 2020] [php7:notice] [pid 30111] [client 192.168.33.1:62371] PHP   3. shuntingYard($tokens = *uninitialized*) /vagrant/Calculator/calculation.php:91, referer: http://calculator.develop/
[Wed Feb 05 07:18:47.406798 2020] [php7:notice] [pid 30111] [client 192.168.33.1:62371] PHP   4. SplStack->top() /vagrant/Calculator/calculation.php:71, referer: http://calculator.develop/
[Wed Feb 05 07:18:50.603988 2020] [php7:notice] [pid 30107] [client 192.168.33.1:62374] PHP Notice:  Undefined index: expression in /vagrant/Calculator/calculation.php on line 6
[Wed Feb 05 07:18:50.604130 2020] [php7:notice] [pid 30107] [client 192.168.33.1:62374] PHP Stack trace:
[Wed Feb 05 07:18:50.604231 2020] [php7:notice] [pid 30107] [client 192.168.33.1:62374] PHP   1. {main}() /vagrant/Calculator/index.php:0
[Wed Feb 05 07:18:50.604353 2020] [php7:notice] [pid 30107] [client 192.168.33.1:62374] PHP   2. require_once() /vagrant/Calculator/index.php:3
[Wed Feb 05 07:18:55.184051 2020] [php7:notice] [pid 30110] [client 192.168.33.1:62376] PHP Notice:  Undefined index: expression in /vagrant/Calculator/calculation.php on line 6
[Wed Feb 05 07:18:55.184182 2020] [php7:notice] [pid 30110] [client 192.168.33.1:62376] PHP Stack trace:
[Wed Feb 05 07:18:55.184294 2020] [php7:notice] [pid 30110] [client 192.168.33.1:62376] PHP   1. {main}() /vagrant/Calculator/index.php:0
[Wed Feb 05 07:18:55.184339 2020] [php7:notice] [pid 30110] [client 192.168.33.1:62376] PHP   2. require_once() /vagrant/Calculator/index.php:3
[Wed Feb 05 07:19:37.393624 2020] [php7:notice] [pid 30108] [client 192.168.33.1:62392] PHP Fatal error:  Uncaught RuntimeException: Can't peek at an empty datastructure in /vagrant/Calculator/calculation.php:71\nStack trace:\n#0 /vagrant/Calculator/calculation.php(71): SplDoublyLinkedList->top()\n#1 /vagrant/Calculator/calculation.php(91): shuntingYard(Array)\n#2 /vagrant/Calculator/index.php(3): require_once('/vagrant/Calcul...')\n#3 {main}\n  thrown in /vagrant/Calculator/calculation.php on line 71, referer: http://calculator.develop/
[Wed Feb 05 07:19:37.393900 2020] [php7:notice] [pid 30108] [client 192.168.33.1:62392] PHP Stack trace:, referer: http://calculator.develop/
[Wed Feb 05 07:19:37.393736 2020] [php7:notice] [pid 30117] [client 192.168.33.1:62381] PHP Fatal error:  Uncaught RuntimeException: Can't peek at an empty datastructure in /vagrant/Calculator/calculation.php:71\nStack trace:\n#0 /vagrant/Calculator/calculation.php(71): SplDoublyLinkedList->top()\n#1 /vagrant/Calculator/calculation.php(91): shuntingYard(Array)\n#2 /vagrant/Calculator/index.php(3): require_once('/vagrant/Calcul...')\n#3 {main}\n  thrown in /vagrant/Calculator/calculation.php on line 71, referer: http://calculator.develop/
[Wed Feb 05 07:19:37.394204 2020] [php7:notice] [pid 30117] [client 192.168.33.1:62381] PHP Stack trace:, referer: http://calculator.develop/
[Wed Feb 05 07:19:37.393829 2020] [php7:notice] [pid 30109] [client 192.168.33.1:62379] PHP Fatal error:  Uncaught RuntimeException: Can't peek at an empty datastructure in /vagrant/Calculator/calculation.php:71\nStack trace:\n#0 /vagrant/Calculator/calculation.php(71): SplDoublyLinkedList->top()\n#1 /vagrant/Calculator/calculation.php(91): shuntingYard(Array)\n#2 /vagrant/Calculator/index.php(3): require_once('/vagrant/Calcul...')\n#3 {main}\n  thrown in /vagrant/Calculator/calculation.php on line 71, referer: http://calculator.develop/
[Wed Feb 05 07:19:37.394461 2020] [php7:notice] [pid 30109] [client 192.168.33.1:62379] PHP Stack trace:, referer: http://calculator.develop/
[Wed Feb 05 07:19:37.393882 2020] [php7:notice] [pid 30118] [client 192.168.33.1:62389] PHP Fatal error:  Uncaught RuntimeException: Can't peek at an empty datastructure in /vagrant/Calculator/calculation.php:71\nStack trace:\n#0 /vagrant/Calculator/calculation.php(71): SplDoublyLinkedList->top()\n#1 /vagrant/Calculator/calculation.php(91): shuntingYard(Array)\n#2 /vagrant/Calculator/index.php(3): require_once('/vagrant/Calcul...')\n#3 {main}\n  thrown in /vagrant/Calculator/calculation.php on line 71, referer: http://calculator.develop/
[Wed Feb 05 07:19:37.394710 2020] [php7:notice] [pid 30118] [client 192.168.33.1:62389] PHP Stack trace:, referer: http://calculator.develop/
[Wed Feb 05 07:19:37.394083 2020] [php7:notice] [pid 30108] [client 192.168.33.1:62392] PHP   1. {main}() /vagrant/Calculator/index.php:0, referer: http://calculator.develop/
[Wed Feb 05 07:19:37.394321 2020] [php7:notice] [pid 30117] [client 192.168.33.1:62381] PHP   1. {main}() /vagrant/Calculator/index.php:0, referer: http://calculator.develop/
[Wed Feb 05 07:19:37.394578 2020] [php7:notice] [pid 30109] [client 192.168.33.1:62379] PHP   1. {main}() /vagrant/Calculator/index.php:0, referer: http://calculator.develop/
[Wed Feb 05 07:19:37.394792 2020] [php7:notice] [pid 30118] [client 192.168.33.1:62389] PHP   1. {main}() /vagrant/Calculator/index.php:0, referer: http://calculator.develop/
[Wed Feb 05 07:19:37.893952 2020] [php7:notice] [pid 30119] [client 192.168.33.1:62393] PHP Fatal error:  Uncaught RuntimeException: Can't peek at an empty datastructure in /vagrant/Calculator/calculation.php:71\nStack trace:\n#0 /vagrant/Calculator/calculation.php(71): SplDoublyLinkedList->top()\n#1 /vagrant/Calculator/calculation.php(91): shuntingYard(Array)\n#2 /vagrant/Calculator/index.php(3): require_once('/vagrant/Calcul...')\n#3 {main}\n  thrown in /vagrant/Calculator/calculation.php on line 71, referer: http://calculator.develop/
[Wed Feb 05 08:15:04.403112 2020] [php7:notice] [pid 30107] [client 192.168.33.1:63026] PHP Notice:  Undefined index: expression in /vagrant/Calculator/calculation.php on line 6
[Wed Feb 05 08:15:04.403367 2020] [php7:notice] [pid 30107] [client 192.168.33.1:63026] PHP Stack trace:
[Wed Feb 05 08:15:04.403460 2020] [php7:notice] [pid 30107] [client 192.168.33.1:63026] PHP   1. {main}() /vagrant/Calculator/index.php:0
[Wed Feb 05 08:15:04.403579 2020] [php7:notice] [pid 30107] [client 192.168.33.1:63026] PHP   2. require_once() /vagrant/Calculator/index.php:3
[Wed Feb 05 08:15:10.039261 2020] [php7:notice] [pid 30110] [client 192.168.33.1:63027] PHP Notice:  Undefined index: expression in /vagrant/Calculator/calculation.php on line 6
[Wed Feb 05 08:15:10.039391 2020] [php7:notice] [pid 30110] [client 192.168.33.1:63027] PHP Stack trace:
[Wed Feb 05 08:15:10.039523 2020] [php7:notice] [pid 30110] [client 192.168.33.1:63027] PHP   1. {main}() /vagrant/Calculator/index.php:0
[Wed Feb 05 08:15:10.039670 2020] [php7:notice] [pid 30110] [client 192.168.33.1:63027] PHP   2. require_once() /vagrant/Calculator/index.php:3
[Wed Feb 05 08:15:44.792753 2020] [php7:notice] [pid 30110] [client 192.168.33.1:63027] PHP Fatal error:  Uncaught RuntimeException: Can't peek at an empty datastructure in /vagrant/Calculator/calculation.php:71\nStack trace:\n#0 /vagrant/Calculator/calculation.php(71): SplDoublyLinkedList->top()\n#1 /vagrant/Calculator/calculation.php(91): shuntingYard(Array)\n#2 /vagrant/Calculator/index.php(3): require_once('/vagrant/Calcul...')\n#3 {main}\n  thrown in /vagrant/Calculator/calculation.php on line 71, referer: http://calculator.develop/
[Wed Feb 05 08:17:28.819633 2020] [php7:notice] [pid 31028] [client 192.168.33.1:63073] PHP Notice:  Undefined index: expression in /vagrant/Calculator/calculation.php on line 6
[Wed Feb 05 08:17:28.819814 2020] [php7:notice] [pid 31028] [client 192.168.33.1:63073] PHP Stack trace:
[Wed Feb 05 08:17:28.819945 2020] [php7:notice] [pid 31028] [client 192.168.33.1:63073] PHP   1. {main}() /vagrant/Calculator/index.php:0
[Wed Feb 05 08:17:28.820024 2020] [php7:notice] [pid 31028] [client 192.168.33.1:63073] PHP   2. require_once() /vagrant/Calculator/index.php:3
[Wed Feb 05 08:17:30.457161 2020] [php7:notice] [pid 30111] [client 192.168.33.1:63075] PHP Notice:  Undefined index: expression in /vagrant/Calculator/calculation.php on line 6
[Wed Feb 05 08:17:30.457289 2020] [php7:notice] [pid 30111] [client 192.168.33.1:63075] PHP Stack trace:
[Wed Feb 05 08:17:30.457391 2020] [php7:notice] [pid 30111] [client 192.168.33.1:63075] PHP   1. {main}() /vagrant/Calculator/index.php:0
[Wed Feb 05 08:17:30.457486 2020] [php7:notice] [pid 30111] [client 192.168.33.1:63075] PHP   2. require_once() /vagrant/Calculator/index.php:3
[Wed Feb 05 08:17:32.990069 2020] [php7:notice] [pid 30109] [client 192.168.33.1:63041] PHP Fatal error:  Uncaught RuntimeException: Can't peek at an empty datastructure in /vagrant/Calculator/calculation.php:71\nStack trace:\n#0 /vagrant/Calculator/calculation.php(71): SplDoublyLinkedList->top()\n#1 /vagrant/Calculator/calculation.php(91): shuntingYard(Array)\n#2 /vagrant/Calculator/index.php(3): require_once('/vagrant/Calcul...')\n#3 {main}\n  thrown in /vagrant/Calculator/calculation.php on line 71, referer: http://calculator.develop/
[Wed Feb 05 08:17:32.990177 2020] [php7:notice] [pid 30109] [client 192.168.33.1:63041] PHP Stack trace:, referer: http://calculator.develop/
[Wed Feb 05 08:17:32.990137 2020] [php7:notice] [pid 30107] [client 192.168.33.1:63077] PHP Fatal error:  Uncaught RuntimeException: Can't peek at an empty datastructure in /vagrant/Calculator/calculation.php:71\nStack trace:\n#0 /vagrant/Calculator/calculation.php(71): SplDoublyLinkedList->top()\n#1 /vagrant/Calculator/calculation.php(91): shuntingYard(Array)\n#2 /vagrant/Calculator/index.php(3): require_once('/vagrant/Calcul...')\n#3 {main}\n  thrown in /vagrant/Calculator/calculation.php on line 71, referer: http://calculator.develop/
[Wed Feb 05 08:17:32.990493 2020] [php7:notice] [pid 30107] [client 192.168.33.1:63077] PHP Stack trace:, referer: http://calculator.develop/
[Wed Feb 05 08:17:32.990313 2020] [php7:notice] [pid 30109] [client 192.168.33.1:63041] PHP   1. {main}() /vagrant/Calculator/index.php:0, referer: http://calculator.develop/
[Wed Feb 05 08:17:32.990467 2020] [php7:notice] [pid 31026] [client 192.168.33.1:63072] PHP Fatal error:  Uncaught RuntimeException: Can't peek at an empty datastructure in /vagrant/Calculator/calculation.php:71\nStack trace:\n#0 /vagrant/Calculator/calculation.php(71): SplDoublyLinkedList->top()\n#1 /vagrant/Calculator/calculation.php(91): shuntingYard(Array)\n#2 /vagrant/Calculator/index.php(3): require_once('/vagrant/Calcul...')\n#3 {main}\n  thrown in /vagrant/Calculator/calculation.php on line 71, referer: http://calculator.develop/
[Wed Feb 05 08:17:32.992147 2020] [php7:notice] [pid 31026] [client 192.168.33.1:63072] PHP Stack trace:, referer: http://calculator.develop/
[Wed Feb 05 08:17:32.992269 2020] [php7:notice] [pid 31026] [client 192.168.33.1:63072] PHP   1. {main}() /vagrant/Calculator/index.php:0, referer: http://calculator.develop/
[Wed Feb 05 08:17:32.991308 2020] [php7:notice] [pid 30107] [client 192.168.33.1:63077] PHP   1. {main}() /vagrant/Calculator/index.php:0, referer: http://calculator.develop/
[Wed Feb 05 08:17:34.610545 2020] [php7:notice] [pid 30108] [client 192.168.33.1:63079] PHP Notice:  Undefined index: expression in /vagrant/Calculator/calculation.php on line 6
[Wed Feb 05 08:17:34.610711 2020] [php7:notice] [pid 30108] [client 192.168.33.1:63079] PHP Stack trace:
[Wed Feb 05 08:17:34.610833 2020] [php7:notice] [pid 30108] [client 192.168.33.1:63079] PHP   1. {main}() /vagrant/Calculator/index.php:0
[Wed Feb 05 08:17:34.610949 2020] [php7:notice] [pid 30108] [client 192.168.33.1:63079] PHP   2. require_once() /vagrant/Calculator/index.php:3
[Wed Feb 05 08:17:40.863202 2020] [php7:notice] [pid 30110] [client 192.168.33.1:63081] PHP Fatal error:  Uncaught RuntimeException: Can't peek at an empty datastructure in /vagrant/Calculator/calculation.php:71\nStack trace:\n#0 /vagrant/Calculator/calculation.php(71): SplDoublyLinkedList->top()\n#1 /vagrant/Calculator/calculation.php(91): shuntingYard(Array)\n#2 /vagrant/Calculator/index.php(3): require_once('/vagrant/Calcul...')\n#3 {main}\n  thrown in /vagrant/Calculator/calculation.php on line 71, referer: http://calculator.develop/
[Wed Feb 05 08:17:43.317610 2020] [php7:notice] [pid 30117] [client 192.168.33.1:63084] PHP Fatal error:  Uncaught RuntimeException: Can't peek at an empty datastructure in /vagrant/Calculator/calculation.php:71\nStack trace:\n#0 /vagrant/Calculator/calculation.php(71): SplDoublyLinkedList->top()\n#1 /vagrant/Calculator/calculation.php(91): shuntingYard(Array)\n#2 /vagrant/Calculator/index.php(3): require_once('/vagrant/Calcul...')\n#3 {main}\n  thrown in /vagrant/Calculator/calculation.php on line 71, referer: http://calculator.develop/
[Wed Feb 05 08:17:58.041121 2020] [php7:notice] [pid 31028] [client 192.168.33.1:63093] PHP Notice:  Undefined index: expression in /vagrant/Calculator/calculation.php on line 6
[Wed Feb 05 08:17:58.041277 2020] [php7:notice] [pid 31028] [client 192.168.33.1:63093] PHP Stack trace:
[Wed Feb 05 08:17:58.041440 2020] [php7:notice] [pid 31028] [client 192.168.33.1:63093] PHP   1. {main}() /vagrant/Calculator/index.php:0
[Wed Feb 05 08:17:58.041588 2020] [php7:notice] [pid 31028] [client 192.168.33.1:63093] PHP   2. require_once() /vagrant/Calculator/index.php:3
[Wed Feb 05 08:52:43.767137 2020] [php7:notice] [pid 30111] [client 192.168.33.1:63481] PHP Notice:  Undefined variable: tokes in /vagrant/Calculator/calculation.php on line 140, referer: http://calculator.develop/
[Wed Feb 05 08:52:43.767887 2020] [php7:notice] [pid 30111] [client 192.168.33.1:63481] PHP Stack trace:, referer: http://calculator.develop/
[Wed Feb 05 08:52:43.768361 2020] [php7:notice] [pid 30111] [client 192.168.33.1:63481] PHP   1. {main}() /vagrant/Calculator/index.php:0, referer: http://calculator.develop/
[Wed Feb 05 08:52:43.768775 2020] [php7:notice] [pid 30111] [client 192.168.33.1:63481] PHP   2. require_once() /vagrant/Calculator/index.php:3, referer: http://calculator.develop/
[Wed Feb 05 08:52:43.769289 2020] [php7:notice] [pid 30111] [client 192.168.33.1:63481] PHP Warning:  Invalid argument supplied for foreach() in /vagrant/Calculator/calculation.php on line 81, referer: http://calculator.develop/
[Wed Feb 05 08:52:43.769750 2020] [php7:notice] [pid 30111] [client 192.168.33.1:63481] PHP Stack trace:, referer: http://calculator.develop/
[Wed Feb 05 08:52:43.770259 2020] [php7:notice] [pid 30111] [client 192.168.33.1:63481] PHP   1. {main}() /vagrant/Calculator/index.php:0, referer: http://calculator.develop/
[Wed Feb 05 08:52:43.770779 2020] [php7:notice] [pid 30111] [client 192.168.33.1:63481] PHP   2. require_once() /vagrant/Calculator/index.php:3, referer: http://calculator.develop/
[Wed Feb 05 08:52:43.771225 2020] [php7:notice] [pid 30111] [client 192.168.33.1:63481] PHP   3. infixToPrefix() /vagrant/Calculator/calculation.php:140, referer: http://calculator.develop/
[Wed Feb 05 08:52:43.771962 2020] [php7:notice] [pid 30111] [client 192.168.33.1:63481] PHP Fatal error:  Uncaught RuntimeException: Can't peek at an empty datastructure in /vagrant/Calculator/calculation.php:137\nStack trace:\n#0 /vagrant/Calculator/calculation.php(137): SplDoublyLinkedList->top()\n#1 /vagrant/Calculator/calculation.php(140): infixToPrefix(NULL)\n#2 /vagrant/Calculator/index.php(3): require_once('/vagrant/Calcul...')\n#3 {main}\n  thrown in /vagrant/Calculator/calculation.php on line 137, referer: http://calculator.develop/
[Wed Feb 05 08:52:51.353932 2020] [php7:notice] [pid 31026] [client 192.168.33.1:63482] PHP Notice:  Undefined variable: tokes in /vagrant/Calculator/calculation.php on line 140, referer: http://calculator.develop/
[Wed Feb 05 08:52:51.354139 2020] [php7:notice] [pid 31026] [client 192.168.33.1:63482] PHP Stack trace:, referer: http://calculator.develop/
[Wed Feb 05 08:52:51.354335 2020] [php7:notice] [pid 31026] [client 192.168.33.1:63482] PHP   1. {main}() /vagrant/Calculator/index.php:0, referer: http://calculator.develop/
[Wed Feb 05 08:52:51.354514 2020] [php7:notice] [pid 31026] [client 192.168.33.1:63482] PHP   2. require_once() /vagrant/Calculator/index.php:3, referer: http://calculator.develop/
[Wed Feb 05 08:52:51.354684 2020] [php7:notice] [pid 31026] [client 192.168.33.1:63482] PHP Warning:  Invalid argument supplied for foreach() in /vagrant/Calculator/calculation.php on line 81, referer: http://calculator.develop/
[Wed Feb 05 08:52:51.354838 2020] [php7:notice] [pid 31026] [client 192.168.33.1:63482] PHP Stack trace:, referer: http://calculator.develop/
[Wed Feb 05 08:52:51.354993 2020] [php7:notice] [pid 31026] [client 192.168.33.1:63482] PHP   1. {main}() /vagrant/Calculator/index.php:0, referer: http://calculator.develop/
[Wed Feb 05 08:52:51.355147 2020] [php7:notice] [pid 31026] [client 192.168.33.1:63482] PHP   2. require_once() /vagrant/Calculator/index.php:3, referer: http://calculator.develop/
[Wed Feb 05 08:52:51.355321 2020] [php7:notice] [pid 31026] [client 192.168.33.1:63482] PHP   3. infixToPrefix() /vagrant/Calculator/calculation.php:140, referer: http://calculator.develop/
[Wed Feb 05 08:52:51.355497 2020] [php7:notice] [pid 31026] [client 192.168.33.1:63482] PHP Fatal error:  Uncaught RuntimeException: Can't peek at an empty datastructure in /vagrant/Calculator/calculation.php:137\nStack trace:\n#0 /vagrant/Calculator/calculation.php(137): SplDoublyLinkedList->top()\n#1 /vagrant/Calculator/calculation.php(140): infixToPrefix(NULL)\n#2 /vagrant/Calculator/index.php(3): require_once('/vagrant/Calcul...')\n#3 {main}\n  thrown in /vagrant/Calculator/calculation.php on line 137, referer: http://calculator.develop/
[Wed Feb 05 08:53:40.056709 2020] [php7:notice] [pid 30110] [client 192.168.33.1:63507] PHP Notice:  Undefined variable: tokes in /vagrant/Calculator/calculation.php on line 140, referer: http://calculator.develop/
[Wed Feb 05 08:53:40.057087 2020] [php7:notice] [pid 30110] [client 192.168.33.1:63507] PHP Stack trace:, referer: http://calculator.develop/
[Wed Feb 05 08:53:40.057369 2020] [php7:notice] [pid 30110] [client 192.168.33.1:63507] PHP   1. {main}() /vagrant/Calculator/index.php:0, referer: http://calculator.develop/
[Wed Feb 05 08:53:40.057641 2020] [php7:notice] [pid 30110] [client 192.168.33.1:63507] PHP   2. require_once() /vagrant/Calculator/index.php:3, referer: http://calculator.develop/
[Wed Feb 05 08:53:40.057938 2020] [php7:notice] [pid 30110] [client 192.168.33.1:63507] PHP Warning:  Invalid argument supplied for foreach() in /vagrant/Calculator/calculation.php on line 81, referer: http://calculator.develop/
[Wed Feb 05 08:53:40.058137 2020] [php7:notice] [pid 30110] [client 192.168.33.1:63507] PHP Stack trace:, referer: http://calculator.develop/
[Wed Feb 05 08:53:40.058416 2020] [php7:notice] [pid 30110] [client 192.168.33.1:63507] PHP   1. {main}() /vagrant/Calculator/index.php:0, referer: http://calculator.develop/
[Wed Feb 05 08:53:40.058705 2020] [php7:notice] [pid 30110] [client 192.168.33.1:63507] PHP   2. require_once() /vagrant/Calculator/index.php:3, referer: http://calculator.develop/
[Wed Feb 05 08:53:40.059022 2020] [php7:notice] [pid 30110] [client 192.168.33.1:63507] PHP   3. infixToPrefix() /vagrant/Calculator/calculation.php:140, referer: http://calculator.develop/
[Wed Feb 05 08:53:40.059443 2020] [php7:notice] [pid 30110] [client 192.168.33.1:63507] PHP Fatal error:  Uncaught RuntimeException: Can't peek at an empty datastructure in /vagrant/Calculator/calculation.php:137\nStack trace:\n#0 /vagrant/Calculator/calculation.php(137): SplDoublyLinkedList->top()\n#1 /vagrant/Calculator/calculation.php(140): infixToPrefix(NULL)\n#2 /vagrant/Calculator/index.php(3): require_once('/vagrant/Calcul...')\n#3 {main}\n  thrown in /vagrant/Calculator/calculation.php on line 137, referer: http://calculator.develop/
[Wed Feb 05 08:53:43.096178 2020] [php7:notice] [pid 30117] [client 192.168.33.1:63508] PHP Notice:  Undefined variable: tokes in /vagrant/Calculator/calculation.php on line 140, referer: http://calculator.develop/
[Wed Feb 05 08:53:43.096324 2020] [php7:notice] [pid 30117] [client 192.168.33.1:63508] PHP Stack trace:, referer: http://calculator.develop/
[Wed Feb 05 08:53:43.096417 2020] [php7:notice] [pid 30117] [client 192.168.33.1:63508] PHP   1. {main}() /vagrant/Calculator/index.php:0, referer: http://calculator.develop/
[Wed Feb 05 08:53:43.096533 2020] [php7:notice] [pid 30117] [client 192.168.33.1:63508] PHP   2. require_once() /vagrant/Calculator/index.php:3, referer: http://calculator.develop/
[Wed Feb 05 08:53:43.096635 2020] [php7:notice] [pid 30117] [client 192.168.33.1:63508] PHP Warning:  Invalid argument supplied for foreach() in /vagrant/Calculator/calculation.php on line 81, referer: http://calculator.develop/
[Wed Feb 05 08:53:43.096737 2020] [php7:notice] [pid 30117] [client 192.168.33.1:63508] PHP Stack trace:, referer: http://calculator.develop/
[Wed Feb 05 08:53:43.096833 2020] [php7:notice] [pid 30117] [client 192.168.33.1:63508] PHP   1. {main}() /vagrant/Calculator/index.php:0, referer: http://calculator.develop/
[Wed Feb 05 08:53:43.096932 2020] [php7:notice] [pid 30117] [client 192.168.33.1:63508] PHP   2. require_once() /vagrant/Calculator/index.php:3, referer: http://calculator.develop/
[Wed Feb 05 08:53:43.097033 2020] [php7:notice] [pid 30117] [client 192.168.33.1:63508] PHP   3. infixToPrefix() /vagrant/Calculator/calculation.php:140, referer: http://calculator.develop/
[Wed Feb 05 08:53:43.097174 2020] [php7:notice] [pid 30117] [client 192.168.33.1:63508] PHP Fatal error:  Uncaught RuntimeException: Can't peek at an empty datastructure in /vagrant/Calculator/calculation.php:137\nStack trace:\n#0 /vagrant/Calculator/calculation.php(137): SplDoublyLinkedList->top()\n#1 /vagrant/Calculator/calculation.php(140): infixToPrefix(NULL)\n#2 /vagrant/Calculator/index.php(3): require_once('/vagrant/Calcul...')\n#3 {main}\n  thrown in /vagrant/Calculator/calculation.php on line 137, referer: http://calculator.develop/
[Wed Feb 05 08:53:45.516547 2020] [php7:notice] [pid 30118] [client 192.168.33.1:63510] PHP Notice:  Undefined index: expression in /vagrant/Calculator/calculation.php on line 6
[Wed Feb 05 08:53:45.516695 2020] [php7:notice] [pid 30118] [client 192.168.33.1:63510] PHP Stack trace:
[Wed Feb 05 08:53:45.516832 2020] [php7:notice] [pid 30118] [client 192.168.33.1:63510] PHP   1. {main}() /vagrant/Calculator/index.php:0
[Wed Feb 05 08:53:45.516885 2020] [php7:notice] [pid 30118] [client 192.168.33.1:63510] PHP   2. require_once() /vagrant/Calculator/index.php:3
[Wed Feb 05 08:53:45.517018 2020] [php7:notice] [pid 30118] [client 192.168.33.1:63510] PHP Notice:  Undefined variable: tokes in /vagrant/Calculator/calculation.php on line 140
[Wed Feb 05 08:53:45.517150 2020] [php7:notice] [pid 30118] [client 192.168.33.1:63510] PHP Stack trace:
[Wed Feb 05 08:53:45.517267 2020] [php7:notice] [pid 30118] [client 192.168.33.1:63510] PHP   1. {main}() /vagrant/Calculator/index.php:0
[Wed Feb 05 08:53:45.517385 2020] [php7:notice] [pid 30118] [client 192.168.33.1:63510] PHP   2. require_once() /vagrant/Calculator/index.php:3
[Wed Feb 05 08:53:45.517515 2020] [php7:notice] [pid 30118] [client 192.168.33.1:63510] PHP Warning:  Invalid argument supplied for foreach() in /vagrant/Calculator/calculation.php on line 81
[Wed Feb 05 08:53:45.517619 2020] [php7:notice] [pid 30118] [client 192.168.33.1:63510] PHP Stack trace:
[Wed Feb 05 08:53:45.517714 2020] [php7:notice] [pid 30118] [client 192.168.33.1:63510] PHP   1. {main}() /vagrant/Calculator/index.php:0
[Wed Feb 05 08:53:45.517813 2020] [php7:notice] [pid 30118] [client 192.168.33.1:63510] PHP   2. require_once() /vagrant/Calculator/index.php:3
[Wed Feb 05 08:53:45.517859 2020] [php7:notice] [pid 30118] [client 192.168.33.1:63510] PHP   3. infixToPrefix() /vagrant/Calculator/calculation.php:140
[Wed Feb 05 08:53:45.518028 2020] [php7:notice] [pid 30118] [client 192.168.33.1:63510] PHP Fatal error:  Uncaught RuntimeException: Can't peek at an empty datastructure in /vagrant/Calculator/calculation.php:137\nStack trace:\n#0 /vagrant/Calculator/calculation.php(137): SplDoublyLinkedList->top()\n#1 /vagrant/Calculator/calculation.php(140): infixToPrefix(NULL)\n#2 /vagrant/Calculator/index.php(3): require_once('/vagrant/Calcul...')\n#3 {main}\n  thrown in /vagrant/Calculator/calculation.php on line 137
[Wed Feb 05 08:53:56.403237 2020] [php7:notice] [pid 30109] [client 192.168.33.1:63519] PHP Notice:  Undefined index: expression in /vagrant/Calculator/calculation.php on line 6
[Wed Feb 05 08:53:56.403389 2020] [php7:notice] [pid 30109] [client 192.168.33.1:63519] PHP Stack trace:
[Wed Feb 05 08:53:56.403498 2020] [php7:notice] [pid 30109] [client 192.168.33.1:63519] PHP   1. {main}() /vagrant/Calculator/index.php:0
[Wed Feb 05 08:53:56.403674 2020] [php7:notice] [pid 30109] [client 192.168.33.1:63519] PHP   2. require_once() /vagrant/Calculator/index.php:3
[Wed Feb 05 08:53:56.403898 2020] [php7:notice] [pid 30109] [client 192.168.33.1:63519] PHP Notice:  Undefined variable: tokes in /vagrant/Calculator/calculation.php on line 140
[Wed Feb 05 08:53:56.404108 2020] [php7:notice] [pid 30109] [client 192.168.33.1:63519] PHP Stack trace:
[Wed Feb 05 08:53:56.404307 2020] [php7:notice] [pid 30109] [client 192.168.33.1:63519] PHP   1. {main}() /vagrant/Calculator/index.php:0
[Wed Feb 05 08:53:56.404357 2020] [php7:notice] [pid 30109] [client 192.168.33.1:63519] PHP   2. require_once() /vagrant/Calculator/index.php:3
[Wed Feb 05 08:53:56.404412 2020] [php7:notice] [pid 30109] [client 192.168.33.1:63519] PHP Warning:  Invalid argument supplied for foreach() in /vagrant/Calculator/calculation.php on line 81
[Wed Feb 05 08:53:56.404458 2020] [php7:notice] [pid 30109] [client 192.168.33.1:63519] PHP Stack trace:
[Wed Feb 05 08:53:56.404502 2020] [php7:notice] [pid 30109] [client 192.168.33.1:63519] PHP   1. {main}() /vagrant/Calculator/index.php:0
[Wed Feb 05 08:53:56.404546 2020] [php7:notice] [pid 30109] [client 192.168.33.1:63519] PHP   2. require_once() /vagrant/Calculator/index.php:3
[Wed Feb 05 08:53:56.404655 2020] [php7:notice] [pid 30109] [client 192.168.33.1:63519] PHP   3. infixToPrefix() /vagrant/Calculator/calculation.php:140
[Wed Feb 05 08:53:56.404878 2020] [php7:notice] [pid 30109] [client 192.168.33.1:63519] PHP Fatal error:  Uncaught RuntimeException: Can't peek at an empty datastructure in /vagrant/Calculator/calculation.php:137\nStack trace:\n#0 /vagrant/Calculator/calculation.php(137): SplDoublyLinkedList->top()\n#1 /vagrant/Calculator/calculation.php(140): infixToPrefix(NULL)\n#2 /vagrant/Calculator/index.php(3): require_once('/vagrant/Calcul...')\n#3 {main}\n  thrown in /vagrant/Calculator/calculation.php on line 137
[Wed Feb 05 08:54:06.150092 2020] [php7:notice] [pid 30111] [client 192.168.33.1:63520] PHP Notice:  Undefined index: expression in /vagrant/Calculator/calculation.php on line 6
[Wed Feb 05 08:54:06.150251 2020] [php7:notice] [pid 30111] [client 192.168.33.1:63520] PHP Stack trace:
[Wed Feb 05 08:54:06.150404 2020] [php7:notice] [pid 30111] [client 192.168.33.1:63520] PHP   1. {main}() /vagrant/Calculator/index.php:0
[Wed Feb 05 08:54:06.150550 2020] [php7:notice] [pid 30111] [client 192.168.33.1:63520] PHP   2. require_once() /vagrant/Calculator/index.php:3
[Wed Feb 05 09:07:29.289185 2020] [php7:notice] [pid 30107] [client 192.168.33.1:63734] PHP Notice:  Undefined index: expression in /vagrant/Calculator/calculation.php on line 6
[Wed Feb 05 09:07:29.289294 2020] [php7:notice] [pid 30107] [client 192.168.33.1:63734] PHP Stack trace:
[Wed Feb 05 09:07:29.289396 2020] [php7:notice] [pid 30107] [client 192.168.33.1:63734] PHP   1. {main}() /vagrant/Calculator/index.php:0
[Wed Feb 05 09:07:29.289530 2020] [php7:notice] [pid 30107] [client 192.168.33.1:63734] PHP   2. require_once() /vagrant/Calculator/index.php:3
[Wed Feb 05 09:07:47.975416 2020] [php7:notice] [pid 30110] [client 192.168.33.1:63738] PHP Notice:  Undefined variable: tokes in /vagrant/Calculator/calculation.php on line 140, referer: http://calculator.develop/
[Wed Feb 05 09:07:47.975570 2020] [php7:notice] [pid 30110] [client 192.168.33.1:63738] PHP Stack trace:, referer: http://calculator.develop/
[Wed Feb 05 09:07:47.975693 2020] [php7:notice] [pid 30110] [client 192.168.33.1:63738] PHP   1. {main}() /vagrant/Calculator/index.php:0, referer: http://calculator.develop/
[Wed Feb 05 09:07:47.975813 2020] [php7:notice] [pid 30110] [client 192.168.33.1:63738] PHP   2. require_once() /vagrant/Calculator/index.php:3, referer: http://calculator.develop/
[Wed Feb 05 09:07:47.975920 2020] [php7:notice] [pid 30110] [client 192.168.33.1:63738] PHP Warning:  Invalid argument supplied for foreach() in /vagrant/Calculator/calculation.php on line 81, referer: http://calculator.develop/
[Wed Feb 05 09:07:47.976009 2020] [php7:notice] [pid 30110] [client 192.168.33.1:63738] PHP Stack trace:, referer: http://calculator.develop/
[Wed Feb 05 09:07:47.976112 2020] [php7:notice] [pid 30110] [client 192.168.33.1:63738] PHP   1. {main}() /vagrant/Calculator/index.php:0, referer: http://calculator.develop/
[Wed Feb 05 09:07:47.976267 2020] [php7:notice] [pid 30110] [client 192.168.33.1:63738] PHP   2. require_once() /vagrant/Calculator/index.php:3, referer: http://calculator.develop/
[Wed Feb 05 09:07:47.976369 2020] [php7:notice] [pid 30110] [client 192.168.33.1:63738] PHP   3. infixToPrefix() /vagrant/Calculator/calculation.php:140, referer: http://calculator.develop/
[Wed Feb 05 09:07:47.976489 2020] [php7:notice] [pid 30110] [client 192.168.33.1:63738] PHP Fatal error:  Uncaught RuntimeException: Can't peek at an empty datastructure in /vagrant/Calculator/calculation.php:137\nStack trace:\n#0 /vagrant/Calculator/calculation.php(137): SplDoublyLinkedList->top()\n#1 /vagrant/Calculator/calculation.php(140): infixToPrefix(NULL)\n#2 /vagrant/Calculator/index.php(3): require_once('/vagrant/Calcul...')\n#3 {main}\n  thrown in /vagrant/Calculator/calculation.php on line 137, referer: http://calculator.develop/
[Wed Feb 05 09:07:51.095333 2020] [php7:notice] [pid 30117] [client 192.168.33.1:63739] PHP Notice:  Undefined index: expression in /vagrant/Calculator/calculation.php on line 6
[Wed Feb 05 09:07:51.095405 2020] [php7:notice] [pid 30117] [client 192.168.33.1:63739] PHP Stack trace:
[Wed Feb 05 09:07:51.095449 2020] [php7:notice] [pid 30117] [client 192.168.33.1:63739] PHP   1. {main}() /vagrant/Calculator/index.php:0
[Wed Feb 05 09:07:51.095488 2020] [php7:notice] [pid 30117] [client 192.168.33.1:63739] PHP   2. require_once() /vagrant/Calculator/index.php:3
[Wed Feb 05 09:07:51.095548 2020] [php7:notice] [pid 30117] [client 192.168.33.1:63739] PHP Notice:  Undefined variable: tokes in /vagrant/Calculator/calculation.php on line 140
[Wed Feb 05 09:07:51.095587 2020] [php7:notice] [pid 30117] [client 192.168.33.1:63739] PHP Stack trace:
[Wed Feb 05 09:07:51.095631 2020] [php7:notice] [pid 30117] [client 192.168.33.1:63739] PHP   1. {main}() /vagrant/Calculator/index.php:0
[Wed Feb 05 09:07:51.095673 2020] [php7:notice] [pid 30117] [client 192.168.33.1:63739] PHP   2. require_once() /vagrant/Calculator/index.php:3
[Wed Feb 05 09:07:51.095721 2020] [php7:notice] [pid 30117] [client 192.168.33.1:63739] PHP Warning:  Invalid argument supplied for foreach() in /vagrant/Calculator/calculation.php on line 81
[Wed Feb 05 09:07:51.095764 2020] [php7:notice] [pid 30117] [client 192.168.33.1:63739] PHP Stack trace:
[Wed Feb 05 09:07:51.095806 2020] [php7:notice] [pid 30117] [client 192.168.33.1:63739] PHP   1. {main}() /vagrant/Calculator/index.php:0
[Wed Feb 05 09:07:51.095848 2020] [php7:notice] [pid 30117] [client 192.168.33.1:63739] PHP   2. require_once() /vagrant/Calculator/index.php:3
[Wed Feb 05 09:07:51.095890 2020] [php7:notice] [pid 30117] [client 192.168.33.1:63739] PHP   3. infixToPrefix() /vagrant/Calculator/calculation.php:140
[Wed Feb 05 09:07:51.095979 2020] [php7:notice] [pid 30117] [client 192.168.33.1:63739] PHP Fatal error:  Uncaught RuntimeException: Can't peek at an empty datastructure in /vagrant/Calculator/calculation.php:137\nStack trace:\n#0 /vagrant/Calculator/calculation.php(137): SplDoublyLinkedList->top()\n#1 /vagrant/Calculator/calculation.php(140): infixToPrefix(NULL)\n#2 /vagrant/Calculator/index.php(3): require_once('/vagrant/Calcul...')\n#3 {main}\n  thrown in /vagrant/Calculator/calculation.php on line 137
[Wed Feb 05 09:08:01.986454 2020] [php7:notice] [pid 31028] [client 192.168.33.1:63750] PHP Notice:  Undefined index: expression in /vagrant/Calculator/calculation.php on line 6
[Wed Feb 05 09:08:01.986632 2020] [php7:notice] [pid 31028] [client 192.168.33.1:63750] PHP Stack trace:
[Wed Feb 05 09:08:01.986768 2020] [php7:notice] [pid 31028] [client 192.168.33.1:63750] PHP   1. {main}() /vagrant/Calculator/index.php:0
[Wed Feb 05 09:08:01.986895 2020] [php7:notice] [pid 31028] [client 192.168.33.1:63750] PHP   2. require_once() /vagrant/Calculator/index.php:3
[Wed Feb 05 09:08:01.987063 2020] [php7:notice] [pid 31028] [client 192.168.33.1:63750] PHP Notice:  Undefined variable: tokes in /vagrant/Calculator/calculation.php on line 140
[Wed Feb 05 09:08:01.987124 2020] [php7:notice] [pid 31028] [client 192.168.33.1:63750] PHP Stack trace:
[Wed Feb 05 09:08:01.987273 2020] [php7:notice] [pid 31028] [client 192.168.33.1:63750] PHP   1. {main}() /vagrant/Calculator/index.php:0
[Wed Feb 05 09:08:01.987390 2020] [php7:notice] [pid 31028] [client 192.168.33.1:63750] PHP   2. require_once() /vagrant/Calculator/index.php:3
[Wed Feb 05 09:08:01.987537 2020] [php7:notice] [pid 31028] [client 192.168.33.1:63750] PHP Warning:  Invalid argument supplied for foreach() in /vagrant/Calculator/calculation.php on line 81
[Wed Feb 05 09:08:01.987592 2020] [php7:notice] [pid 31028] [client 192.168.33.1:63750] PHP Stack trace:
[Wed Feb 05 09:08:01.987727 2020] [php7:notice] [pid 31028] [client 192.168.33.1:63750] PHP   1. {main}() /vagrant/Calculator/index.php:0
[Wed Feb 05 09:08:01.987808 2020] [php7:notice] [pid 31028] [client 192.168.33.1:63750] PHP   2. require_once() /vagrant/Calculator/index.php:3
[Wed Feb 05 09:08:01.987926 2020] [php7:notice] [pid 31028] [client 192.168.33.1:63750] PHP   3. infixToPrefix() /vagrant/Calculator/calculation.php:140
[Wed Feb 05 09:08:01.988153 2020] [php7:notice] [pid 31028] [client 192.168.33.1:63750] PHP Fatal error:  Uncaught RuntimeException: Can't peek at an empty datastructure in /vagrant/Calculator/calculation.php:137\nStack trace:\n#0 /vagrant/Calculator/calculation.php(137): SplDoublyLinkedList->top()\n#1 /vagrant/Calculator/calculation.php(140): infixToPrefix(NULL)\n#2 /vagrant/Calculator/index.php(3): require_once('/vagrant/Calcul...')\n#3 {main}\n  thrown in /vagrant/Calculator/calculation.php on line 137
[Wed Feb 05 09:08:05.100203 2020] [php7:notice] [pid 30109] [client 192.168.33.1:63749] PHP Notice:  Undefined index: expression in /vagrant/Calculator/calculation.php on line 6
[Wed Feb 05 09:08:05.100320 2020] [php7:notice] [pid 30109] [client 192.168.33.1:63749] PHP Stack trace:
[Wed Feb 05 09:08:05.100370 2020] [php7:notice] [pid 30109] [client 192.168.33.1:63749] PHP   1. {main}() /vagrant/Calculator/index.php:0
[Wed Feb 05 09:08:05.100417 2020] [php7:notice] [pid 30109] [client 192.168.33.1:63749] PHP   2. require_once() /vagrant/Calculator/index.php:3
[Wed Feb 05 09:08:05.100490 2020] [php7:notice] [pid 30109] [client 192.168.33.1:63749] PHP Notice:  Undefined variable: tokes in /vagrant/Calculator/calculation.php on line 140
[Wed Feb 05 09:08:05.100652 2020] [php7:notice] [pid 30109] [client 192.168.33.1:63749] PHP Stack trace:
[Wed Feb 05 09:08:05.100752 2020] [php7:notice] [pid 30109] [client 192.168.33.1:63749] PHP   1. {main}() /vagrant/Calculator/index.php:0
[Wed Feb 05 09:08:05.100866 2020] [php7:notice] [pid 30109] [client 192.168.33.1:63749] PHP   2. require_once() /vagrant/Calculator/index.php:3
[Wed Feb 05 09:08:05.100919 2020] [php7:notice] [pid 30109] [client 192.168.33.1:63749] PHP Warning:  Invalid argument supplied for foreach() in /vagrant/Calculator/calculation.php on line 81
[Wed Feb 05 09:08:05.100961 2020] [php7:notice] [pid 30109] [client 192.168.33.1:63749] PHP Stack trace:
[Wed Feb 05 09:08:05.101022 2020] [php7:notice] [pid 30109] [client 192.168.33.1:63749] PHP   1. {main}() /vagrant/Calculator/index.php:0
[Wed Feb 05 09:08:05.101065 2020] [php7:notice] [pid 30109] [client 192.168.33.1:63749] PHP   2. require_once() /vagrant/Calculator/index.php:3
[Wed Feb 05 09:08:05.101107 2020] [php7:notice] [pid 30109] [client 192.168.33.1:63749] PHP   3. infixToPrefix() /vagrant/Calculator/calculation.php:140
[Wed Feb 05 09:08:05.101195 2020] [php7:notice] [pid 30109] [client 192.168.33.1:63749] PHP Fatal error:  Uncaught RuntimeException: Can't peek at an empty datastructure in /vagrant/Calculator/calculation.php:137\nStack trace:\n#0 /vagrant/Calculator/calculation.php(137): SplDoublyLinkedList->top()\n#1 /vagrant/Calculator/calculation.php(140): infixToPrefix(NULL)\n#2 /vagrant/Calculator/index.php(3): require_once('/vagrant/Calcul...')\n#3 {main}\n  thrown in /vagrant/Calculator/calculation.php on line 137
[Wed Feb 05 09:08:12.556701 2020] [php7:notice] [pid 31026] [client 192.168.33.1:63754] PHP Notice:  Undefined index: expression in /vagrant/Calculator/calculation.php on line 6
[Wed Feb 05 09:08:12.556836 2020] [php7:notice] [pid 31026] [client 192.168.33.1:63754] PHP Stack trace:
[Wed Feb 05 09:08:12.556964 2020] [php7:notice] [pid 31026] [client 192.168.33.1:63754] PHP   1. {main}() /vagrant/Calculator/index.php:0
[Wed Feb 05 09:08:12.557072 2020] [php7:notice] [pid 31026] [client 192.168.33.1:63754] PHP   2. require_once() /vagrant/Calculator/index.php:3
[Wed Feb 05 09:10:31.056901 2020] [php7:notice] [pid 30117] [client 192.168.33.1:63801] PHP Notice:  Undefined variable: tokes in /vagrant/Calculator/calculation.php on line 140, referer: http://calculator.develop/
[Wed Feb 05 09:10:31.057037 2020] [php7:notice] [pid 30117] [client 192.168.33.1:63801] PHP Stack trace:, referer: http://calculator.develop/
[Wed Feb 05 09:10:31.057136 2020] [php7:notice] [pid 30117] [client 192.168.33.1:63801] PHP   1. {main}() /vagrant/Calculator/index.php:0, referer: http://calculator.develop/
[Wed Feb 05 09:10:31.057228 2020] [php7:notice] [pid 30117] [client 192.168.33.1:63801] PHP   2. require_once() /vagrant/Calculator/index.php:3, referer: http://calculator.develop/
[Wed Feb 05 09:10:34.081530 2020] [php7:notice] [pid 30119] [client 192.168.33.1:63802] PHP Notice:  Undefined variable: tokes in /vagrant/Calculator/calculation.php on line 140, referer: http://calculator.develop/
[Wed Feb 05 09:10:34.081675 2020] [php7:notice] [pid 30119] [client 192.168.33.1:63802] PHP Stack trace:, referer: http://calculator.develop/
[Wed Feb 05 09:10:34.081780 2020] [php7:notice] [pid 30119] [client 192.168.33.1:63802] PHP   1. {main}() /vagrant/Calculator/index.php:0, referer: http://calculator.develop/
[Wed Feb 05 09:10:34.081829 2020] [php7:notice] [pid 30119] [client 192.168.33.1:63802] PHP   2. require_once() /vagrant/Calculator/index.php:3, referer: http://calculator.develop/
[Wed Feb 05 09:10:39.334251 2020] [php7:notice] [pid 30118] [client 192.168.33.1:63805] PHP Notice:  Undefined variable: tokes in /vagrant/Calculator/calculation.php on line 140, referer: http://calculator.develop/
[Wed Feb 05 09:10:39.334387 2020] [php7:notice] [pid 30118] [client 192.168.33.1:63805] PHP Stack trace:, referer: http://calculator.develop/
[Wed Feb 05 09:10:39.334503 2020] [php7:notice] [pid 30118] [client 192.168.33.1:63805] PHP   1. {main}() /vagrant/Calculator/index.php:0, referer: http://calculator.develop/
[Wed Feb 05 09:10:39.334614 2020] [php7:notice] [pid 30118] [client 192.168.33.1:63805] PHP   2. require_once() /vagrant/Calculator/index.php:3, referer: http://calculator.develop/
[Wed Feb 05 09:10:48.994497 2020] [php7:notice] [pid 31028] [client 192.168.33.1:63807] PHP Notice:  Undefined variable: tokes in /vagrant/Calculator/calculation.php on line 140, referer: http://calculator.develop/
[Wed Feb 05 09:10:48.994634 2020] [php7:notice] [pid 31028] [client 192.168.33.1:63807] PHP Stack trace:, referer: http://calculator.develop/
[Wed Feb 05 09:10:48.994754 2020] [php7:notice] [pid 31028] [client 192.168.33.1:63807] PHP   1. {main}() /vagrant/Calculator/index.php:0, referer: http://calculator.develop/
[Wed Feb 05 09:10:48.994873 2020] [php7:notice] [pid 31028] [client 192.168.33.1:63807] PHP   2. require_once() /vagrant/Calculator/index.php:3, referer: http://calculator.develop/
[Wed Feb 05 09:10:50.481064 2020] [php7:notice] [pid 30109] [client 192.168.33.1:63818] PHP Notice:  Undefined variable: tokes in /vagrant/Calculator/calculation.php on line 140, referer: http://calculator.develop/
[Wed Feb 05 09:10:50.481200 2020] [php7:notice] [pid 30109] [client 192.168.33.1:63818] PHP Stack trace:, referer: http://calculator.develop/
[Wed Feb 05 09:10:50.481301 2020] [php7:notice] [pid 30109] [client 192.168.33.1:63818] PHP   1. {main}() /vagrant/Calculator/index.php:0, referer: http://calculator.develop/
[Wed Feb 05 09:10:50.481405 2020] [php7:notice] [pid 30109] [client 192.168.33.1:63818] PHP   2. require_once() /vagrant/Calculator/index.php:3, referer: http://calculator.develop/
[Wed Feb 05 09:10:51.921103 2020] [php7:notice] [pid 30111] [client 192.168.33.1:63821] PHP Notice:  Undefined variable: tokes in /vagrant/Calculator/calculation.php on line 140, referer: http://calculator.develop/
[Wed Feb 05 09:10:51.921247 2020] [php7:notice] [pid 30111] [client 192.168.33.1:63821] PHP Stack trace:, referer: http://calculator.develop/
[Wed Feb 05 09:10:51.921362 2020] [php7:notice] [pid 30111] [client 192.168.33.1:63821] PHP   1. {main}() /vagrant/Calculator/index.php:0, referer: http://calculator.develop/
[Wed Feb 05 09:10:51.921478 2020] [php7:notice] [pid 30111] [client 192.168.33.1:63821] PHP   2. require_once() /vagrant/Calculator/index.php:3, referer: http://calculator.develop/
[Wed Feb 05 09:10:56.190924 2020] [php7:notice] [pid 31026] [client 192.168.33.1:63822] PHP Notice:  Undefined variable: tokes in /vagrant/Calculator/calculation.php on line 140, referer: http://calculator.develop/
[Wed Feb 05 09:10:56.191050 2020] [php7:notice] [pid 31026] [client 192.168.33.1:63822] PHP Stack trace:, referer: http://calculator.develop/
[Wed Feb 05 09:10:56.191100 2020] [php7:notice] [pid 31026] [client 192.168.33.1:63822] PHP   1. {main}() /vagrant/Calculator/index.php:0, referer: http://calculator.develop/
[Wed Feb 05 09:10:56.191142 2020] [php7:notice] [pid 31026] [client 192.168.33.1:63822] PHP   2. require_once() /vagrant/Calculator/index.php:3, referer: http://calculator.develop/
[Wed Feb 05 09:11:16.017197 2020] [php7:notice] [pid 30108] [client 192.168.33.1:63828] PHP Notice:  Undefined variable: tokes in /vagrant/Calculator/calculation.php on line 141, referer: http://calculator.develop/
[Wed Feb 05 09:11:16.017295 2020] [php7:notice] [pid 30108] [client 192.168.33.1:63828] PHP Stack trace:, referer: http://calculator.develop/
[Wed Feb 05 09:11:16.017345 2020] [php7:notice] [pid 30108] [client 192.168.33.1:63828] PHP   1. {main}() /vagrant/Calculator/index.php:0, referer: http://calculator.develop/
[Wed Feb 05 09:11:16.017397 2020] [php7:notice] [pid 30108] [client 192.168.33.1:63828] PHP   2. require_once() /vagrant/Calculator/index.php:3, referer: http://calculator.develop/
[Wed Feb 05 09:11:17.540708 2020] [php7:notice] [pid 30110] [client 192.168.33.1:63829] PHP Notice:  Undefined variable: tokes in /vagrant/Calculator/calculation.php on line 141, referer: http://calculator.develop/
